Archive member included to satisfy reference by file (symbol)

/usr/lib/gcc/arm-none-eabi/9.2.1/../../../arm-none-eabi/lib/libc_nano.a(lib_a-atexit.o)
                              /usr/lib/gcc/arm-none-eabi/9.2.1/../../../arm-none-eabi/lib/crt0.o (atexit)
/usr/lib/gcc/arm-none-eabi/9.2.1/../../../arm-none-eabi/lib/libc_nano.a(lib_a-exit.o)
                              /usr/lib/gcc/arm-none-eabi/9.2.1/../../../arm-none-eabi/lib/crt0.o (exit)
/usr/lib/gcc/arm-none-eabi/9.2.1/../../../arm-none-eabi/lib/libc_nano.a(lib_a-fini.o)
                              /usr/lib/gcc/arm-none-eabi/9.2.1/../../../arm-none-eabi/lib/crt0.o (__libc_fini_array)
/usr/lib/gcc/arm-none-eabi/9.2.1/../../../arm-none-eabi/lib/libc_nano.a(lib_a-impure.o)
                              /usr/lib/gcc/arm-none-eabi/9.2.1/../../../arm-none-eabi/lib/libc_nano.a(lib_a-exit.o) (_global_impure_ptr)
/usr/lib/gcc/arm-none-eabi/9.2.1/../../../arm-none-eabi/lib/libc_nano.a(lib_a-init.o)
                              /usr/lib/gcc/arm-none-eabi/9.2.1/../../../arm-none-eabi/lib/crt0.o (__libc_init_array)
/usr/lib/gcc/arm-none-eabi/9.2.1/../../../arm-none-eabi/lib/libc_nano.a(lib_a-memset.o)
                              /usr/lib/gcc/arm-none-eabi/9.2.1/../../../arm-none-eabi/lib/crt0.o (memset)
/usr/lib/gcc/arm-none-eabi/9.2.1/../../../arm-none-eabi/lib/libc_nano.a(lib_a-__atexit.o)
                              /usr/lib/gcc/arm-none-eabi/9.2.1/../../../arm-none-eabi/lib/libc_nano.a(lib_a-atexit.o) (__register_exitproc)
/usr/lib/gcc/arm-none-eabi/9.2.1/../../../arm-none-eabi/lib/libc_nano.a(lib_a-__call_atexit.o)
                              /usr/lib/gcc/arm-none-eabi/9.2.1/../../../arm-none-eabi/lib/libc_nano.a(lib_a-__atexit.o) (__call_exitprocs)

Discarded input sections

 .text          0x0000000000000000        0x0 /usr/lib/gcc/arm-none-eabi/9.2.1/crti.o
 .data          0x0000000000000000        0x0 /usr/lib/gcc/arm-none-eabi/9.2.1/crti.o
 .bss           0x0000000000000000        0x0 /usr/lib/gcc/arm-none-eabi/9.2.1/crti.o
 .text          0x0000000000000000       0xdc /usr/lib/gcc/arm-none-eabi/9.2.1/crtbegin.o
 .data          0x0000000000000000        0x4 /usr/lib/gcc/arm-none-eabi/9.2.1/crtbegin.o
 .bss           0x0000000000000000       0x1c /usr/lib/gcc/arm-none-eabi/9.2.1/crtbegin.o
 .init_array    0x0000000000000000        0x4 /usr/lib/gcc/arm-none-eabi/9.2.1/crtbegin.o
 .fini_array    0x0000000000000000        0x4 /usr/lib/gcc/arm-none-eabi/9.2.1/crtbegin.o
 .eh_frame      0x0000000000000000        0x0 /usr/lib/gcc/arm-none-eabi/9.2.1/crtbegin.o
 .tm_clone_table
                0x0000000000000000        0x0 /usr/lib/gcc/arm-none-eabi/9.2.1/crtbegin.o
 .comment       0x0000000000000000       0x5a /usr/lib/gcc/arm-none-eabi/9.2.1/crtbegin.o
 .ARM.attributes
                0x0000000000000000       0x2a /usr/lib/gcc/arm-none-eabi/9.2.1/crtbegin.o
 .text          0x0000000000000000      0x128 /usr/lib/gcc/arm-none-eabi/9.2.1/../../../arm-none-eabi/lib/crt0.o
 .data          0x0000000000000000        0x0 /usr/lib/gcc/arm-none-eabi/9.2.1/../../../arm-none-eabi/lib/crt0.o
 .bss           0x0000000000000000        0x0 /usr/lib/gcc/arm-none-eabi/9.2.1/../../../arm-none-eabi/lib/crt0.o
 .ARM.extab     0x0000000000000000        0x0 /usr/lib/gcc/arm-none-eabi/9.2.1/../../../arm-none-eabi/lib/crt0.o
 .ARM.exidx     0x0000000000000000       0x10 /usr/lib/gcc/arm-none-eabi/9.2.1/../../../arm-none-eabi/lib/crt0.o
 .debug_line    0x0000000000000000       0xa3 /usr/lib/gcc/arm-none-eabi/9.2.1/../../../arm-none-eabi/lib/crt0.o
 .debug_info    0x0000000000000000       0x26 /usr/lib/gcc/arm-none-eabi/9.2.1/../../../arm-none-eabi/lib/crt0.o
 .debug_abbrev  0x0000000000000000       0x14 /usr/lib/gcc/arm-none-eabi/9.2.1/../../../arm-none-eabi/lib/crt0.o
 .debug_aranges
                0x0000000000000000       0x20 /usr/lib/gcc/arm-none-eabi/9.2.1/../../../arm-none-eabi/lib/crt0.o
 .debug_str     0x0000000000000000       0x7b /usr/lib/gcc/arm-none-eabi/9.2.1/../../../arm-none-eabi/lib/crt0.o
 .ARM.attributes
                0x0000000000000000       0x1a /usr/lib/gcc/arm-none-eabi/9.2.1/../../../arm-none-eabi/lib/crt0.o
 .data          0x0000000000000000        0x0 pin_mux.o
 .bss           0x0000000000000000        0x0 pin_mux.o
 .data          0x0000000000000000        0x0 board.o
 .bss           0x0000000000000000        0x0 board.o
 .text          0x0000000000000000        0x0 hello_world.o
 .data          0x0000000000000000        0x0 hello_world.o
 .bss           0x0000000000000000        0x0 hello_world.o
 .data          0x0000000000000000        0x0 clock_config.o
 .bss           0x0000000000000000        0x0 clock_config.o
 .data          0x0000000000000000        0x0 startup.o
 .bss           0x0000000000000000        0x0 startup.o
 .text          0x0000000000000000       0x20 /usr/lib/gcc/arm-none-eabi/9.2.1/../../../arm-none-eabi/lib/libc_nano.a(lib_a-atexit.o)
 .data          0x0000000000000000        0x0 /usr/lib/gcc/arm-none-eabi/9.2.1/../../../arm-none-eabi/lib/libc_nano.a(lib_a-atexit.o)
 .bss           0x0000000000000000        0x0 /usr/lib/gcc/arm-none-eabi/9.2.1/../../../arm-none-eabi/lib/libc_nano.a(lib_a-atexit.o)
 .debug_info    0x0000000000000000      0x995 /usr/lib/gcc/arm-none-eabi/9.2.1/../../../arm-none-eabi/lib/libc_nano.a(lib_a-atexit.o)
 .debug_abbrev  0x0000000000000000      0x1f1 /usr/lib/gcc/arm-none-eabi/9.2.1/../../../arm-none-eabi/lib/libc_nano.a(lib_a-atexit.o)
 .debug_loc     0x0000000000000000       0x32 /usr/lib/gcc/arm-none-eabi/9.2.1/../../../arm-none-eabi/lib/libc_nano.a(lib_a-atexit.o)
 .debug_aranges
                0x0000000000000000       0x20 /usr/lib/gcc/arm-none-eabi/9.2.1/../../../arm-none-eabi/lib/libc_nano.a(lib_a-atexit.o)
 .debug_line    0x0000000000000000      0x14b /usr/lib/gcc/arm-none-eabi/9.2.1/../../../arm-none-eabi/lib/libc_nano.a(lib_a-atexit.o)
 .debug_str     0x0000000000000000      0x607 /usr/lib/gcc/arm-none-eabi/9.2.1/../../../arm-none-eabi/lib/libc_nano.a(lib_a-atexit.o)
 .comment       0x0000000000000000       0x4f /usr/lib/gcc/arm-none-eabi/9.2.1/../../../arm-none-eabi/lib/libc_nano.a(lib_a-atexit.o)
 .debug_frame   0x0000000000000000       0x2c /usr/lib/gcc/arm-none-eabi/9.2.1/../../../arm-none-eabi/lib/libc_nano.a(lib_a-atexit.o)
 .ARM.attributes
                0x0000000000000000       0x2a /usr/lib/gcc/arm-none-eabi/9.2.1/../../../arm-none-eabi/lib/libc_nano.a(lib_a-atexit.o)
 .text          0x0000000000000000       0x40 /usr/lib/gcc/arm-none-eabi/9.2.1/../../../arm-none-eabi/lib/libc_nano.a(lib_a-exit.o)
 .data          0x0000000000000000        0x0 /usr/lib/gcc/arm-none-eabi/9.2.1/../../../arm-none-eabi/lib/libc_nano.a(lib_a-exit.o)
 .bss           0x0000000000000000        0x0 /usr/lib/gcc/arm-none-eabi/9.2.1/../../../arm-none-eabi/lib/libc_nano.a(lib_a-exit.o)
 .debug_info    0x0000000000000000      0x9e7 /usr/lib/gcc/arm-none-eabi/9.2.1/../../../arm-none-eabi/lib/libc_nano.a(lib_a-exit.o)
 .debug_abbrev  0x0000000000000000      0x1f6 /usr/lib/gcc/arm-none-eabi/9.2.1/../../../arm-none-eabi/lib/libc_nano.a(lib_a-exit.o)
 .debug_loc     0x0000000000000000       0x22 /usr/lib/gcc/arm-none-eabi/9.2.1/../../../arm-none-eabi/lib/libc_nano.a(lib_a-exit.o)
 .debug_aranges
                0x0000000000000000       0x20 /usr/lib/gcc/arm-none-eabi/9.2.1/../../../arm-none-eabi/lib/libc_nano.a(lib_a-exit.o)
 .debug_line    0x0000000000000000      0x161 /usr/lib/gcc/arm-none-eabi/9.2.1/../../../arm-none-eabi/lib/libc_nano.a(lib_a-exit.o)
 .debug_str     0x0000000000000000      0x608 /usr/lib/gcc/arm-none-eabi/9.2.1/../../../arm-none-eabi/lib/libc_nano.a(lib_a-exit.o)
 .comment       0x0000000000000000       0x4f /usr/lib/gcc/arm-none-eabi/9.2.1/../../../arm-none-eabi/lib/libc_nano.a(lib_a-exit.o)
 .debug_frame   0x0000000000000000       0x28 /usr/lib/gcc/arm-none-eabi/9.2.1/../../../arm-none-eabi/lib/libc_nano.a(lib_a-exit.o)
 .ARM.attributes
                0x0000000000000000       0x2a /usr/lib/gcc/arm-none-eabi/9.2.1/../../../arm-none-eabi/lib/libc_nano.a(lib_a-exit.o)
 .text          0x0000000000000000       0x48 /usr/lib/gcc/arm-none-eabi/9.2.1/../../../arm-none-eabi/lib/libc_nano.a(lib_a-fini.o)
 .data          0x0000000000000000        0x0 /usr/lib/gcc/arm-none-eabi/9.2.1/../../../arm-none-eabi/lib/libc_nano.a(lib_a-fini.o)
 .bss           0x0000000000000000        0x0 /usr/lib/gcc/arm-none-eabi/9.2.1/../../../arm-none-eabi/lib/libc_nano.a(lib_a-fini.o)
 .debug_info    0x0000000000000000      0x102 /usr/lib/gcc/arm-none-eabi/9.2.1/../../../arm-none-eabi/lib/libc_nano.a(lib_a-fini.o)
 .debug_abbrev  0x0000000000000000       0xcc /usr/lib/gcc/arm-none-eabi/9.2.1/../../../arm-none-eabi/lib/libc_nano.a(lib_a-fini.o)
 .debug_loc     0x0000000000000000       0x68 /usr/lib/gcc/arm-none-eabi/9.2.1/../../../arm-none-eabi/lib/libc_nano.a(lib_a-fini.o)
 .debug_aranges
                0x0000000000000000       0x20 /usr/lib/gcc/arm-none-eabi/9.2.1/../../../arm-none-eabi/lib/libc_nano.a(lib_a-fini.o)
 .debug_line    0x0000000000000000       0xc5 /usr/lib/gcc/arm-none-eabi/9.2.1/../../../arm-none-eabi/lib/libc_nano.a(lib_a-fini.o)
 .debug_str     0x0000000000000000      0x1d9 /usr/lib/gcc/arm-none-eabi/9.2.1/../../../arm-none-eabi/lib/libc_nano.a(lib_a-fini.o)
 .comment       0x0000000000000000       0x4f /usr/lib/gcc/arm-none-eabi/9.2.1/../../../arm-none-eabi/lib/libc_nano.a(lib_a-fini.o)
 .debug_frame   0x0000000000000000       0x34 /usr/lib/gcc/arm-none-eabi/9.2.1/../../../arm-none-eabi/lib/libc_nano.a(lib_a-fini.o)
 .ARM.attributes
                0x0000000000000000       0x2a /usr/lib/gcc/arm-none-eabi/9.2.1/../../../arm-none-eabi/lib/libc_nano.a(lib_a-fini.o)
 .text          0x0000000000000000        0x0 /usr/lib/gcc/arm-none-eabi/9.2.1/../../../arm-none-eabi/lib/libc_nano.a(lib_a-impure.o)
 .data          0x0000000000000000       0x64 /usr/lib/gcc/arm-none-eabi/9.2.1/../../../arm-none-eabi/lib/libc_nano.a(lib_a-impure.o)
 .bss           0x0000000000000000        0x0 /usr/lib/gcc/arm-none-eabi/9.2.1/../../../arm-none-eabi/lib/libc_nano.a(lib_a-impure.o)
 .rodata        0x0000000000000000        0x4 /usr/lib/gcc/arm-none-eabi/9.2.1/../../../arm-none-eabi/lib/libc_nano.a(lib_a-impure.o)
 .debug_info    0x0000000000000000      0x92a /usr/lib/gcc/arm-none-eabi/9.2.1/../../../arm-none-eabi/lib/libc_nano.a(lib_a-impure.o)
 .debug_abbrev  0x0000000000000000      0x17a /usr/lib/gcc/arm-none-eabi/9.2.1/../../../arm-none-eabi/lib/libc_nano.a(lib_a-impure.o)
 .debug_aranges
                0x0000000000000000       0x18 /usr/lib/gcc/arm-none-eabi/9.2.1/../../../arm-none-eabi/lib/libc_nano.a(lib_a-impure.o)
 .debug_line    0x0000000000000000       0xda /usr/lib/gcc/arm-none-eabi/9.2.1/../../../arm-none-eabi/lib/libc_nano.a(lib_a-impure.o)
 .debug_str     0x0000000000000000      0x5bc /usr/lib/gcc/arm-none-eabi/9.2.1/../../../arm-none-eabi/lib/libc_nano.a(lib_a-impure.o)
 .comment       0x0000000000000000       0x4f /usr/lib/gcc/arm-none-eabi/9.2.1/../../../arm-none-eabi/lib/libc_nano.a(lib_a-impure.o)
 .ARM.attributes
                0x0000000000000000       0x30 /usr/lib/gcc/arm-none-eabi/9.2.1/../../../arm-none-eabi/lib/libc_nano.a(lib_a-impure.o)
 .text          0x0000000000000000       0x88 /usr/lib/gcc/arm-none-eabi/9.2.1/../../../arm-none-eabi/lib/libc_nano.a(lib_a-init.o)
 .data          0x0000000000000000        0x0 /usr/lib/gcc/arm-none-eabi/9.2.1/../../../arm-none-eabi/lib/libc_nano.a(lib_a-init.o)
 .bss           0x0000000000000000        0x0 /usr/lib/gcc/arm-none-eabi/9.2.1/../../../arm-none-eabi/lib/libc_nano.a(lib_a-init.o)
 .debug_info    0x0000000000000000      0x11a /usr/lib/gcc/arm-none-eabi/9.2.1/../../../arm-none-eabi/lib/libc_nano.a(lib_a-init.o)
 .debug_abbrev  0x0000000000000000       0xcc /usr/lib/gcc/arm-none-eabi/9.2.1/../../../arm-none-eabi/lib/libc_nano.a(lib_a-init.o)
 .debug_loc     0x0000000000000000       0xba /usr/lib/gcc/arm-none-eabi/9.2.1/../../../arm-none-eabi/lib/libc_nano.a(lib_a-init.o)
 .debug_aranges
                0x0000000000000000       0x20 /usr/lib/gcc/arm-none-eabi/9.2.1/../../../arm-none-eabi/lib/libc_nano.a(lib_a-init.o)
 .debug_line    0x0000000000000000       0xf6 /usr/lib/gcc/arm-none-eabi/9.2.1/../../../arm-none-eabi/lib/libc_nano.a(lib_a-init.o)
 .debug_str     0x0000000000000000      0x203 /usr/lib/gcc/arm-none-eabi/9.2.1/../../../arm-none-eabi/lib/libc_nano.a(lib_a-init.o)
 .comment       0x0000000000000000       0x4f /usr/lib/gcc/arm-none-eabi/9.2.1/../../../arm-none-eabi/lib/libc_nano.a(lib_a-init.o)
 .debug_frame   0x0000000000000000       0x34 /usr/lib/gcc/arm-none-eabi/9.2.1/../../../arm-none-eabi/lib/libc_nano.a(lib_a-init.o)
 .ARM.attributes
                0x0000000000000000       0x2a /usr/lib/gcc/arm-none-eabi/9.2.1/../../../arm-none-eabi/lib/libc_nano.a(lib_a-init.o)
 .text          0x0000000000000000      0x118 /usr/lib/gcc/arm-none-eabi/9.2.1/../../../arm-none-eabi/lib/libc_nano.a(lib_a-memset.o)
 .data          0x0000000000000000        0x0 /usr/lib/gcc/arm-none-eabi/9.2.1/../../../arm-none-eabi/lib/libc_nano.a(lib_a-memset.o)
 .bss           0x0000000000000000        0x0 /usr/lib/gcc/arm-none-eabi/9.2.1/../../../arm-none-eabi/lib/libc_nano.a(lib_a-memset.o)
 .debug_info    0x0000000000000000      0xf21 /usr/lib/gcc/arm-none-eabi/9.2.1/../../../arm-none-eabi/lib/libc_nano.a(lib_a-memset.o)
 .debug_abbrev  0x0000000000000000      0x1d9 /usr/lib/gcc/arm-none-eabi/9.2.1/../../../arm-none-eabi/lib/libc_nano.a(lib_a-memset.o)
 .debug_loc     0x0000000000000000      0x2a5 /usr/lib/gcc/arm-none-eabi/9.2.1/../../../arm-none-eabi/lib/libc_nano.a(lib_a-memset.o)
 .debug_aranges
                0x0000000000000000       0x20 /usr/lib/gcc/arm-none-eabi/9.2.1/../../../arm-none-eabi/lib/libc_nano.a(lib_a-memset.o)
 .debug_line    0x0000000000000000      0x279 /usr/lib/gcc/arm-none-eabi/9.2.1/../../../arm-none-eabi/lib/libc_nano.a(lib_a-memset.o)
 .debug_str     0x0000000000000000      0x8e9 /usr/lib/gcc/arm-none-eabi/9.2.1/../../../arm-none-eabi/lib/libc_nano.a(lib_a-memset.o)
 .comment       0x0000000000000000       0x4f /usr/lib/gcc/arm-none-eabi/9.2.1/../../../arm-none-eabi/lib/libc_nano.a(lib_a-memset.o)
 .debug_frame   0x0000000000000000       0x48 /usr/lib/gcc/arm-none-eabi/9.2.1/../../../arm-none-eabi/lib/libc_nano.a(lib_a-memset.o)
 .ARM.attributes
                0x0000000000000000       0x2a /usr/lib/gcc/arm-none-eabi/9.2.1/../../../arm-none-eabi/lib/libc_nano.a(lib_a-memset.o)
 .text          0x0000000000000000      0x104 /usr/lib/gcc/arm-none-eabi/9.2.1/../../../arm-none-eabi/lib/libc_nano.a(lib_a-__atexit.o)
 .data          0x0000000000000000        0x4 /usr/lib/gcc/arm-none-eabi/9.2.1/../../../arm-none-eabi/lib/libc_nano.a(lib_a-__atexit.o)
 .bss           0x0000000000000000       0x8c /usr/lib/gcc/arm-none-eabi/9.2.1/../../../arm-none-eabi/lib/libc_nano.a(lib_a-__atexit.o)
 .debug_info    0x0000000000000000      0xa3c /usr/lib/gcc/arm-none-eabi/9.2.1/../../../arm-none-eabi/lib/libc_nano.a(lib_a-__atexit.o)
 .debug_abbrev  0x0000000000000000      0x261 /usr/lib/gcc/arm-none-eabi/9.2.1/../../../arm-none-eabi/lib/libc_nano.a(lib_a-__atexit.o)
 .debug_loc     0x0000000000000000      0x1d5 /usr/lib/gcc/arm-none-eabi/9.2.1/../../../arm-none-eabi/lib/libc_nano.a(lib_a-__atexit.o)
 .debug_aranges
                0x0000000000000000       0x20 /usr/lib/gcc/arm-none-eabi/9.2.1/../../../arm-none-eabi/lib/libc_nano.a(lib_a-__atexit.o)
 .debug_line    0x0000000000000000      0x231 /usr/lib/gcc/arm-none-eabi/9.2.1/../../../arm-none-eabi/lib/libc_nano.a(lib_a-__atexit.o)
 .debug_str     0x0000000000000000      0x65a /usr/lib/gcc/arm-none-eabi/9.2.1/../../../arm-none-eabi/lib/libc_nano.a(lib_a-__atexit.o)
 .comment       0x0000000000000000       0x4f /usr/lib/gcc/arm-none-eabi/9.2.1/../../../arm-none-eabi/lib/libc_nano.a(lib_a-__atexit.o)
 .debug_frame   0x0000000000000000       0x3c /usr/lib/gcc/arm-none-eabi/9.2.1/../../../arm-none-eabi/lib/libc_nano.a(lib_a-__atexit.o)
 .ARM.attributes
                0x0000000000000000       0x2a /usr/lib/gcc/arm-none-eabi/9.2.1/../../../arm-none-eabi/lib/libc_nano.a(lib_a-__atexit.o)
 .text          0x0000000000000000      0x10c /usr/lib/gcc/arm-none-eabi/9.2.1/../../../arm-none-eabi/lib/libc_nano.a(lib_a-__call_atexit.o)
 .data          0x0000000000000000        0x0 /usr/lib/gcc/arm-none-eabi/9.2.1/../../../arm-none-eabi/lib/libc_nano.a(lib_a-__call_atexit.o)
 .bss           0x0000000000000000        0x4 /usr/lib/gcc/arm-none-eabi/9.2.1/../../../arm-none-eabi/lib/libc_nano.a(lib_a-__call_atexit.o)
 .debug_info    0x0000000000000000      0xa10 /usr/lib/gcc/arm-none-eabi/9.2.1/../../../arm-none-eabi/lib/libc_nano.a(lib_a-__call_atexit.o)
 .debug_abbrev  0x0000000000000000      0x237 /usr/lib/gcc/arm-none-eabi/9.2.1/../../../arm-none-eabi/lib/libc_nano.a(lib_a-__call_atexit.o)
 .debug_loc     0x0000000000000000      0x145 /usr/lib/gcc/arm-none-eabi/9.2.1/../../../arm-none-eabi/lib/libc_nano.a(lib_a-__call_atexit.o)
 .debug_aranges
                0x0000000000000000       0x20 /usr/lib/gcc/arm-none-eabi/9.2.1/../../../arm-none-eabi/lib/libc_nano.a(lib_a-__call_atexit.o)
 .debug_ranges  0x0000000000000000       0x28 /usr/lib/gcc/arm-none-eabi/9.2.1/../../../arm-none-eabi/lib/libc_nano.a(lib_a-__call_atexit.o)
 .debug_line    0x0000000000000000      0x22d /usr/lib/gcc/arm-none-eabi/9.2.1/../../../arm-none-eabi/lib/libc_nano.a(lib_a-__call_atexit.o)
 .debug_str     0x0000000000000000      0x605 /usr/lib/gcc/arm-none-eabi/9.2.1/../../../arm-none-eabi/lib/libc_nano.a(lib_a-__call_atexit.o)
 .comment       0x0000000000000000       0x4f /usr/lib/gcc/arm-none-eabi/9.2.1/../../../arm-none-eabi/lib/libc_nano.a(lib_a-__call_atexit.o)
 .debug_frame   0x0000000000000000       0x48 /usr/lib/gcc/arm-none-eabi/9.2.1/../../../arm-none-eabi/lib/libc_nano.a(lib_a-__call_atexit.o)
 .ARM.attributes
                0x0000000000000000       0x2a /usr/lib/gcc/arm-none-eabi/9.2.1/../../../arm-none-eabi/lib/libc_nano.a(lib_a-__call_atexit.o)
 .text          0x0000000000000000        0x0 /usr/lib/gcc/arm-none-eabi/9.2.1/crtend.o
 .data          0x0000000000000000        0x0 /usr/lib/gcc/arm-none-eabi/9.2.1/crtend.o
 .bss           0x0000000000000000        0x0 /usr/lib/gcc/arm-none-eabi/9.2.1/crtend.o
 .eh_frame      0x0000000000000000        0x4 /usr/lib/gcc/arm-none-eabi/9.2.1/crtend.o
 .tm_clone_table
                0x0000000000000000        0x0 /usr/lib/gcc/arm-none-eabi/9.2.1/crtend.o
 .comment       0x0000000000000000       0x5a /usr/lib/gcc/arm-none-eabi/9.2.1/crtend.o
 .ARM.attributes
                0x0000000000000000       0x30 /usr/lib/gcc/arm-none-eabi/9.2.1/crtend.o
 .text          0x0000000000000000        0x0 /usr/lib/gcc/arm-none-eabi/9.2.1/crtn.o
 .data          0x0000000000000000        0x0 /usr/lib/gcc/arm-none-eabi/9.2.1/crtn.o
 .bss           0x0000000000000000        0x0 /usr/lib/gcc/arm-none-eabi/9.2.1/crtn.o
 .init          0x0000000000000000        0xc /usr/lib/gcc/arm-none-eabi/9.2.1/crtn.o
 .fini          0x0000000000000000        0xc /usr/lib/gcc/arm-none-eabi/9.2.1/crtn.o
 .ARM.attributes
                0x0000000000000000       0x1c /usr/lib/gcc/arm-none-eabi/9.2.1/crtn.o

Memory Configuration

Name             Origin             Length             Attributes
INTERRUPTS       0x0000000000000000 0x0000000000000100 xr
FLASH_CONFIG     0x0000000000000400 0x0000000000000010 xr
TEXT             0x0000000000000410 0x000000000003fbf0 xr
RAM              0x000000001fffe000 0x0000000000008000 xrw
*default*        0x0000000000000000 0xffffffffffffffff

Linker script and memory map

LOAD /usr/lib/gcc/arm-none-eabi/9.2.1/crti.o
LOAD /usr/lib/gcc/arm-none-eabi/9.2.1/crtbegin.o
LOAD /usr/lib/gcc/arm-none-eabi/9.2.1/../../../arm-none-eabi/lib/crt0.o
                0x0000000000000400                STACK_SIZE = DEFINED (__stack_size__)?__stack_size__:0x400

.interrupts     0x0000000000000000       0xc0
 *(.isr_vector .isr_vector.*)
 .isr_vector    0x0000000000000000       0xc0 startup.o
                0x0000000000000000                g_pfnVectors

.flash_config   0x0000000000000400       0x10
                0x0000000000000400                . = ALIGN (0x4)
                0x0000000000000400        0x4 LONG 0xffffffff
                0x0000000000000404        0x4 LONG 0xffffffff
                0x0000000000000408        0x4 LONG 0xffffffff
                0x000000000000040c        0x4 LONG 0xfffffffe

.text           0x0000000000000410      0x206
 *(.text .text.* .gnu.linkonce.t.*)
 .text          0x0000000000000410       0x44 pin_mux.o
                0x0000000000000410                BOARD_InitPins
 .text          0x0000000000000454       0x38 board.o
                0x0000000000000454                BOARD_InitDebugConsole
 .text.startup  0x000000000000048c       0x28 hello_world.o
                0x000000000000048c                main
 .text          0x00000000000004b4       0xc0 clock_config.o
                0x00000000000004b4                BOARD_BootClockRUN
                0x0000000000000520                BOARD_BootClockVLPR
 .text          0x0000000000000574       0x5c startup.o
                0x0000000000000574                HardFaultIntHandler
                0x0000000000000574                PendSVIntHandler
                0x0000000000000574                SysTickIntHandler
                0x0000000000000574                BusFaultIntHandler
                0x0000000000000574                NMIIntHandler
                0x0000000000000574                UsageFaultIntHandler
                0x0000000000000574                MemManageIntHandler
                0x0000000000000574                SVCIntHandler
                0x0000000000000574                DebugMonIntHandler
                0x0000000000000578                RTCSIntHandler
                0x0000000000000578                FTM1IntHandler
                0x0000000000000578                USBOTGIntHandler
                0x0000000000000578                UART0SEIntHandler
                0x0000000000000578                UART2SEIntHandler
                0x0000000000000578                FTM2IntHandler
                0x0000000000000578                I2C1IntHandler
                0x0000000000000578                PORTDIntHandler
                0x0000000000000578                Default_ResetHandler
                0x0000000000000578                DMA1IntHandler
                0x0000000000000578                DACIntHandler
                0x0000000000000578                ACMPIntHandler
                0x0000000000000578                ResetHandler
                0x0000000000000578                LVDIntHandler
                0x0000000000000578                PORTAIntHandler
                0x0000000000000578                SPI1IntHandler
                0x0000000000000578                FTFAIntHandler
                0x0000000000000578                UART1SEIntHandler
                0x0000000000000578                ADCIntHandler
                0x0000000000000578                DMA0IntHandler
                0x0000000000000578                I2C0IntHandler
                0x0000000000000578                FTM0IntHandler
                0x0000000000000578                LLWUIntHandler
                0x0000000000000578                MCGIntHandler
                0x0000000000000578                RTCAIntHandler
                0x0000000000000578                SPI0IntHandler
                0x0000000000000578                TSIIntHandler
                0x0000000000000578                LPTMRIntHandler
                0x0000000000000578                PITIntHandler
                0x0000000000000578                DMA3IntHandler
                0x0000000000000578                DMA2IntHandler
 *(.glue_7t)
 .glue_7t       0x00000000000005d0        0x0 linker stubs
 *(.glue_7)
 .glue_7        0x00000000000005d0        0x0 linker stubs
 *(.rodata .rodata* .gnu.linkonce.r.*)
 .rodata.str1.4
                0x00000000000005d0        0xf hello_world.o
 *fill*         0x00000000000005df        0x1 
 .rodata        0x00000000000005e0       0x36 clock_config.o
                0x00000000000005e0                oscConfig_BOARD_BootClockRUN
                0x00000000000005e8                mcgConfig_BOARD_BootClockRUN
                0x00000000000005f4                simConfig_BOARD_BootClockRUN
                0x00000000000005fc                simConfig_BOARD_BootClockVLPR
                0x0000000000000604                oscConfig_BOARD_BootClockVLPR
                0x000000000000060c                mcgConfig_BOARD_BootClockVLPR

.vfp11_veneer   0x0000000000000618        0x0
 .vfp11_veneer  0x0000000000000618        0x0 linker stubs

.v4_bx          0x0000000000000618        0x0
 .v4_bx         0x0000000000000618        0x0 linker stubs

.init           0x0000000000000618        0xc
 .init          0x0000000000000618        0xc /usr/lib/gcc/arm-none-eabi/9.2.1/crti.o
                0x0000000000000618                _init

.fini           0x0000000000000624        0xc
 .fini          0x0000000000000624        0xc /usr/lib/gcc/arm-none-eabi/9.2.1/crti.o
                0x0000000000000624                _fini

.iplt           0x0000000000000630        0x0
 .iplt          0x0000000000000630        0x0 pin_mux.o

.rel.dyn        0x0000000000000630        0x0
 .rel.iplt      0x0000000000000630        0x0 pin_mux.o

.ARM.extab
 *(.ARM.extab* .gnu.linkonce.armextab.*)

.ARM.exidx
 *(.ARM.exidx* .gnu.linkonce.armexidx.*)
                0x0000000000000630                . = ALIGN (0x4)
                0x0000000000000630                _etext = .
                0x0000000000000630                _sidata = .

.data           0x000000001fffe000        0x0 load address 0x0000000000000630
                0x000000001fffe000                _sdata = .
 *(.data .data.*)
                0x000000001fffe000                . = ALIGN (0x4)
                0x000000001fffe000                _edata = .

.igot.plt       0x000000001fffe000        0x0
 .igot.plt      0x000000001fffe000        0x0 pin_mux.o

.bss            0x000000001fffe000        0x0
                0x000000001fffe000                _sbss = .
 *(.bss .bss.*)
 *(COMMON)
                0x000000001fffe000                . = ALIGN (0x4)
                0x000000001fffe000                _ebss = .

.co_stack       0x000000001fffe000      0x400
                0x000000001fffe000                . = ALIGN (0x8)
                0x000000001fffe400                . = (. + STACK_SIZE)
 *fill*         0x000000001fffe000      0x400 
                0x000000001fffe400                _start_of_stack = .
                0x000000001fffe400                . = ALIGN (0x4)
                0x000000001fffe400                _end = .
LOAD pin_mux.o
LOAD board.o
LOAD hello_world.o
LOAD clock_config.o
LOAD startup.o
START GROUP
LOAD /usr/lib/gcc/arm-none-eabi/9.2.1/libgcc.a
LOAD /usr/lib/gcc/arm-none-eabi/9.2.1/../../../arm-none-eabi/lib/libc_nano.a
END GROUP
START GROUP
LOAD /usr/lib/gcc/arm-none-eabi/9.2.1/libgcc.a
LOAD /usr/lib/gcc/arm-none-eabi/9.2.1/../../../arm-none-eabi/lib/libc_nano.a
END GROUP
LOAD /usr/lib/gcc/arm-none-eabi/9.2.1/crtend.o
LOAD /usr/lib/gcc/arm-none-eabi/9.2.1/crtn.o
OUTPUT(hello_world.elf elf32-littlearm)
LOAD linker stubs

.ARM.attributes
                0x0000000000000000       0x2d
 .ARM.attributes
                0x0000000000000000       0x1c /usr/lib/gcc/arm-none-eabi/9.2.1/crti.o
 .ARM.attributes
                0x000000000000001c       0x2c pin_mux.o
 .ARM.attributes
                0x0000000000000048       0x2c board.o
 .ARM.attributes
                0x0000000000000074       0x2c hello_world.o
 .ARM.attributes
                0x00000000000000a0       0x2c clock_config.o
 .ARM.attributes
                0x00000000000000cc       0x2c startup.o

.comment        0x0000000000000000       0x59
 .comment       0x0000000000000000       0x59 pin_mux.o
                                         0x5a (size before relaxing)
 .comment       0x0000000000000059       0x5a board.o
 .comment       0x0000000000000059       0x5a hello_world.o
 .comment       0x0000000000000059       0x5a clock_config.o
 .comment       0x0000000000000059       0x5a startup.o

.debug_info     0x0000000000000000     0x41c1
 .debug_info    0x0000000000000000      0xea1 pin_mux.o
 .debug_info    0x0000000000000ea1      0xfca board.o
 .debug_info    0x0000000000001e6b      0xd16 hello_world.o
 .debug_info    0x0000000000002b81     0x1525 clock_config.o
 .debug_info    0x00000000000040a6      0x11b startup.o

.debug_abbrev   0x0000000000000000      0xc5e
 .debug_abbrev  0x0000000000000000      0x2d7 pin_mux.o
 .debug_abbrev  0x00000000000002d7      0x2bf board.o
 .debug_abbrev  0x0000000000000596      0x24d hello_world.o
 .debug_abbrev  0x00000000000007e3      0x387 clock_config.o
 .debug_abbrev  0x0000000000000b6a       0xf4 startup.o

.debug_loc      0x0000000000000000      0x1a3
 .debug_loc     0x0000000000000000       0xaa pin_mux.o
 .debug_loc     0x00000000000000aa       0x38 board.o
 .debug_loc     0x00000000000000e2       0x15 hello_world.o
 .debug_loc     0x00000000000000f7       0x7b clock_config.o
 .debug_loc     0x0000000000000172       0x31 startup.o

.debug_aranges  0x0000000000000000       0xa0
 .debug_aranges
                0x0000000000000000       0x20 pin_mux.o
 .debug_aranges
                0x0000000000000020       0x20 board.o
 .debug_aranges
                0x0000000000000040       0x20 hello_world.o
 .debug_aranges
                0x0000000000000060       0x20 clock_config.o
 .debug_aranges
                0x0000000000000080       0x20 startup.o

.debug_ranges   0x0000000000000000      0x118
 .debug_ranges  0x0000000000000000       0x50 pin_mux.o
 .debug_ranges  0x0000000000000050       0x18 board.o
 .debug_ranges  0x0000000000000068       0x10 hello_world.o
 .debug_ranges  0x0000000000000078       0xa0 clock_config.o

.debug_line     0x0000000000000000      0x832
 .debug_line    0x0000000000000000      0x1cb pin_mux.o
 .debug_line    0x00000000000001cb      0x190 board.o
 .debug_line    0x000000000000035b      0x197 hello_world.o
 .debug_line    0x00000000000004f2      0x2a6 clock_config.o
 .debug_line    0x0000000000000798       0x9a startup.o

.debug_str      0x0000000000000000     0x1641
 .debug_str     0x0000000000000000      0x8ea pin_mux.o
                                        0x946 (size before relaxing)
 .debug_str     0x00000000000008ea      0x3d7 board.o
                                        0xa23 (size before relaxing)
 .debug_str     0x0000000000000cc1       0x4b hello_world.o
                                        0x959 (size before relaxing)
 .debug_str     0x0000000000000d0c      0x8b0 clock_config.o
                                       0x1287 (size before relaxing)
 .debug_str     0x00000000000015bc       0x85 startup.o
                                        0x161 (size before relaxing)

.debug_frame    0x0000000000000000       0xe8
 .debug_frame   0x0000000000000000       0x20 pin_mux.o
 .debug_frame   0x0000000000000020       0x28 board.o
 .debug_frame   0x0000000000000048       0x28 hello_world.o
 .debug_frame   0x0000000000000070       0x40 clock_config.o
 .debug_frame   0x00000000000000b0       0x38 startup.o
